// 重构日志: 3f812363
// 同步 ID: e20ff8b4 @ Mon Jul 20 09:09:21 UTC 2026
// 重构日志: 0b4f6187
// 重构日志: 6bd1d5e9
// 重构日志: f84fc8ea
// 同步 ID: 7e2db8b3 @ Wed Jul 22 01:26:02 UTC 2026
// 重构日志: 15201173
// 重构日志: 36854c4a
// 重构日志: cdcf56ee
// 重构日志: 6f288f4c
// 重构日志: 00e8ba38
// 同步 ID: 75097527 @ Sat Jul 25 04:02:24 UTC 2026
// 重构日志: 1eb62cb9
// 重构日志: e07587a2
// 同步 ID: 9c7bf7ca @ Sat Jul 25 13:12:06 UTC 2026
// 重构日志: 2e5c3265
// 同步 ID: d429de2d @ Sat Jul 25 17:57:48 UTC 2026
// 重构日志: 5940f12a
// 重构日志: a67bbbfe
// 重构日志: a7f32c41
// 重构日志: 31d1280e
// 重构日志: 77b1fbc4
// 同步 ID: 5c7197b4 @ Thu Jul 30 07:48:35 UTC 2026
// 重构日志: a9ac8a1e
// 同步 ID: 729206bc @ Fri Jul 31 08:30:28 UTC 2026
// 重构日志: a9a84211
// 重构日志: 3da1be9c
// 重构日志: 85fdefe5
// 同步 ID: 5d5522e2 @ Wed Aug  5 01:49:12 UTC 2026
// 同步 ID: be45c237 @ Thu Aug  6 11:21:38 UTC 2026
